生成启动时间为 2026/9/24 23:23:48。
     1>项目“D:\workspace\C\l\1\1\1.vcxproj”在节点 2 上(build 个目标)。
     1>InitializeBuildStatus:
         正在创建“Debug\1.unsuccessfulbuild”，因为已指定“AlwaysCreate”。
       ClCompile:
         D:\workspace\code\VC\bin\CL.exe /c /ZI /nologo /W3 /WX- /Od /Oy- /D WIN32 /D _DEBUG /D _CONSOLE /D _UNICODE /D UNICODE /Gm /EHsc /RTC1 /MDd /GS /fp:precise /Zc:wchar_t /Zc:forScope /Fo"Debug\\" /Fd"Debug\vc100.pdb" /Gd /TC /analyze- /errorReport:prompt main.c
         main.c
     1>d:\workspace\c\l\1\1\main.c(5): warning C4996: 'scanf': This function or variable may be unsafe. Consider using scanf_s instead. To disable deprecation, use _CRT_SECURE_NO_WARNINGS. See online help for details.
                 d:\workspace\code\vc\include\stdio.h(304) : 参见“scanf”的声明
       ManifestResourceCompile:
         所有输出均为最新。
       Link:
         D:\workspace\code\VC\bin\link.exe /ERRORREPORT:PROMPT /OUT:"D:\workspace\C\l\1\Debug\1.exe" /INCREMENTAL /NOLOGO kernel32.lib user32.lib gdi32.lib winspool.lib comdlg32.lib advapi32.lib shell32.lib ole32.lib oleaut32.lib uuid.lib odbc32.lib odbccp32.lib /MANIFEST /ManifestFile:"Debug\1.exe.intermediate.manifest" /MANIFESTUAC:"level='asInvoker' uiAccess='false'" /DEBUG /PDB:"D:\workspace\C\l\1\Debug\1.pdb" /SUBSYSTEM:CONSOLE /TLBID:1 /DYNAMICBASE /NXCOMPAT /IMPLIB:"D:\workspace\C\l\1\Debug\1.lib" /MACHINE:X86 Debug\1.exe.embed.manifest.res
         Debug\main.obj
       Manifest:
         C:\Program Files (x86)\Microsoft SDKs\Windows\v7.0A\bin\mt.exe /nologo /verbose /out:"Debug\1.exe.embed.manifest" /manifest Debug\1.exe.intermediate.manifest
         所有输出均为最新。
       LinkEmbedManifest:
         所有输出均为最新。
         1.vcxproj -> D:\workspace\C\l\1\Debug\1.exe
       FinalizeBuildStatus:
         正在删除文件“Debug\1.unsuccessfulbuild”。
         正在对“Debug\1.lastbuildstate”执行 Touch 任务。
     1>已完成生成项目“D:\workspace\C\l\1\1\1.vcxproj”(build 个目标)的操作。

生成成功。

已用时间 00:00:00.54
