生成启动时间为 2026/9/23 12:26:53。
     1>项目“D:\workspace\C\li\li\li.vcxproj”在节点 2 上(build 个目标)。
     1>InitializeBuildStatus:
         正在创建“Debug\li.unsuccessfulbuild”，因为已指定“AlwaysCreate”。
       ClCompile:
         D:\workspace\code\VC\bin\CL.exe /c /ZI /nologo /W3 /WX- /Od /Oy- /D WIN32 /D _DEBUG /D _CONSOLE /D _UNICODE /D UNICODE /Gm /EHsc /RTC1 /MDd /GS /fp:precise /Zc:wchar_t /Zc:forScope /Fo"Debug\\" /Fd"Debug\vc100.pdb" /Gd /TC /analyze- /errorReport:prompt main.c
         main.c
       ManifestResourceCompile:
         所有输出均为最新。
       Link:
         D:\workspace\code\VC\bin\link.exe /ERRORREPORT:PROMPT /OUT:"D:\workspace\C\li\Debug\li.exe" /INCREMENTAL /NOLOGO kernel32.lib user32.lib gdi32.lib winspool.lib comdlg32.lib advapi32.lib shell32.lib ole32.lib oleaut32.lib uuid.lib odbc32.lib odbccp32.lib /MANIFEST /ManifestFile:"Debug\li.exe.intermediate.manifest" /MANIFESTUAC:"level='asInvoker' uiAccess='false'" /DEBUG /PDB:"D:\workspace\C\li\Debug\li.pdb" /SUBSYSTEM:CONSOLE /TLBID:1 /DYNAMICBASE /NXCOMPAT /IMPLIB:"D:\workspace\C\li\Debug\li.lib" /MACHINE:X86 Debug\li.exe.embed.manifest.res
         Debug\main.obj
       Manifest:
         C:\Program Files (x86)\Microsoft SDKs\Windows\v7.0A\bin\mt.exe /nologo /verbose /out:"Debug\li.exe.embed.manifest" /manifest Debug\li.exe.intermediate.manifest
         所有输出均为最新。
       LinkEmbedManifest:
         所有输出均为最新。
         li.vcxproj -> D:\workspace\C\li\Debug\li.exe
       FinalizeBuildStatus:
         正在删除文件“Debug\li.unsuccessfulbuild”。
         正在对“Debug\li.lastbuildstate”执行 Touch 任务。
     1>已完成生成项目“D:\workspace\C\li\li\li.vcxproj”(build 个目标)的操作。

生成成功。

已用时间 00:00:00.53
